[mycryptoadvisor.com/index.html]
[secureservercdn.net/198.71.233.129/l6q.139.myftpupload.com/wp-content/cache/autoptimize/css/autoptimize_6429a6f7f8a9dd9aeebd3795ee42c8fc.css]
[backblue.gif]
[fade.gif]
[index.html]
[secureservercdn.net/198.71.233.129/l6q.139.myftpupload.com/wp-includes/css/dist/block-library/style.min66dc.css]
[secureservercdn.net/198.71.233.129/l6q.139.myftpupload.com/wp-content/plugins/widget-for-eventbrite-api-premium/frontend/css/frontend8450.css]
[secureservercdn.net/198.71.233.129/l6q.139.myftpupload.com/wp-content/themes/hello-elementor/theme.min8226.css]
[secureservercdn.net/198.71.233.129/l6q.139.myftpupload.com/wp-content/themes/hello-theme-child-master/styleabe3.css]
[secureservercdn.net/198.71.233.129/l6q.139.myftpupload.com/wp-content/themes/hello-elementor/style.min8226.css]
[mycryptoadvisor.com/comments/feed/index.html]
[secureservercdn.net/198.71.233.129/l6q.139.myftpupload.com/wp-content/plugins/elementor/assets/lib/eicons/css/elementor-icons.minaaf1.css]
[mycryptoadvisor.com/feed/index.html]
[secureservercdn.net/198.71.233.129/l6q.139.myftpupload.com/wp-content/plugins/elementor/assets/lib/animations/animations.mina28e.css]
[secureservercdn.net/198.71.233.129/l6q.139.myftpupload.com/wp-content/plugins/elementor/assets/css/frontend-legacy.mina28e.css]
[secureservercdn.net/198.71.233.129/l6q.139.myftpupload.com/wp-content/plugins/elementor/assets/css/frontend.mina28e.css]
[secureservercdn.net/198.71.233.129/l6q.139.myftpupload.com/wp-content/uploads/elementor/css/post-545dfe.css]
[secureservercdn.net/198.71.233.129/l6q.139.myftpupload.com/wp-content/plugins/elementor-pro/assets/css/frontend.min6a80.css]
[secureservercdn.net/198.71.233.129/l6q.139.myftpupload.com/wp-content/uploads/elementor/css/post-335dfe.css]
[secureservercdn.net/198.71.233.129/l6q.139.myftpupload.com/wp-content/uploads/elementor/css/post-585dfe.css]
[secureservercdn.net/198.71.233.129/l6q.139.myftpupload.com/wp-content/uploads/elementor/css/post-715dfe.css]
[secureservercdn.net/198.71.233.129/l6q.139.myftpupload.com/wp-content/plugins/elementor/assets/lib/font-awesome/css/fontawesome.min4d1c.css]
[secureservercdn.net/198.71.233.129/l6q.139.myftpupload.com/wp-content/plugins/elementor/assets/lib/font-awesome/css/brands.min4d1c.css]
[secureservercdn.net/198.71.233.129/l6q.139.myftpupload.com/wp-content/plugins/elementor/assets/lib/font-awesome/css/regular.min4d1c.css]
[secureservercdn.net/198.71.233.129/l6q.139.myftpupload.com/wp-content/plugins/elementor/assets/lib/font-awesome/css/solid.min4d1c.css]
[secureservercdn.net/198.71.233.129/l6q.139.myftpupload.com/wp-includes/js/jquery/jquery.minb107.js]
[secureservercdn.net/198.71.233.129/l6q.139.myftpupload.com/wp-includes/js/jquery/jquery-migrate.mindd4e.js]
[secureservercdn.net/198.71.233.129/l6q.139.myftpupload.com/wp-content/plugins/widget-for-eventbrite-api-premium/frontend/js/frontend8450.js]
[mycryptoadvisor.com/wp-json/index.html]
[mycryptoadvisor.com/wp-json/wp/v2/pages/33.json]
[mycryptoadvisor.com/xmlrpc0db0.php]
[mycryptoadvisor.com/wp-json/oembed/1.0/embed8e27.json]
[mycryptoadvisor.com/wp-json/oembed/1.0/embed346d]
[secureservercdn.net/198.71.233.129/l6q.139.myftpupload.com/wp-content/uploads/2020/07/MCA-Logo-New-Fit-2-1-150x150.jpg]
[secureservercdn.net/198.71.233.129/l6q.139.myftpupload.com/wp-content/uploads/2020/07/MCA-Logo-New-Fit-2-1-e1597263033563f83e.jpg]
[secureservercdn.net/198.71.233.129/l6q.139.myftpupload.com/wp-content/uploads/2020/07/Management-e1597263189338f83e.png]
[secureservercdn.net/198.71.233.129/l6q.139.myftpupload.com/wp-content/uploads/2020/07/Market-Analysis-2-e1597263136199f83e.png]
[mycryptoadvisor.com/about-us/index.html]
[mycryptoadvisor.com/services/index.html]
[secureservercdn.net/198.71.233.129/l6q.139.myftpupload.com/wp-content/uploads/2020/07/UI-UX-white-e1597263110502f83e.png]
[mycryptoadvisor.com/faqs/index.html]
[secureservercdn.net/198.71.233.129/l6q.139.myftpupload.com/wp-content/uploads/2020/07/QA-testing-e1597263156456f83e.png]
[mycryptoadvisor.com/events/index.html]
[mycryptoadvisor.com/blog/index.html]
[secureservercdn.net/198.71.233.129/l6q.139.myftpupload.com/wp-content/uploads/2020/07/pngwavef83e.png]
[mycryptoadvisor.com/contact/index.html]
[secureservercdn.net/198.71.233.129/l6q.139.myftpupload.com/wp-content/uploads/2020/07/Mobile-appf83e.png]
[secureservercdn.net/198.71.233.129/l6q.139.myftpupload.com/wp-content/uploads/2020/07/Engineerf83e.png]
[secureservercdn.net/198.71.233.129/l6q.139.myftpupload.com/wp-content/uploads/2020/07/Data-analysisf83e.png]
[secureservercdn.net/198.71.233.129/l6q.139.myftpupload.com/wp-content/uploads/2020/07/UI-UXf83e.png]
[secureservercdn.net/198.71.233.129/l6q.139.myftpupload.com/wp-content/uploads/2020/07/E-commercef83e.png]
[secureservercdn.net/198.71.233.129/l6q.139.myftpupload.com/wp-content/uploads/2020/07/https___cdn.evbuc_.com_images_97592554_425781416655_1_originalf83e.jpg]
[secureservercdn.net/198.71.233.129/l6q.139.myftpupload.com/wp-content/uploads/2020/08/1-2-768x367.png]
[mycryptoadvisor.com/2020/10/01/september-2020/index.html]
[mycryptoadvisor.com/2020/08/29/august-2020/index.html]
[secureservercdn.net/198.71.233.129/l6q.139.myftpupload.com/wp-content/plugins/wp-smushit/app/assets/js/smush-lazy-load.minf7a9.js]
[secureservercdn.net/198.71.233.129/l6q.139.myftpupload.com/wp-content/uploads/2020/08/concept-of-bitcoin-shopping-payment-or-purchase-for-christmas-or-new-year-holidays-virtual-mone]
[mycryptoadvisor.com/2020/08/13/demystifying-cryptocurrency/index.html]
[secureservercdn.net/198.71.233.129/l6q.139.myftpupload.com/wp-includes/js/wp-embed.min66dc.js]
[secureservercdn.net/198.71.233.129/l6q.139.myftpupload.com/wp-content/uploads/2020/08/bitcoin-smartphone-background-currency-online-business-crypto-exchange-payment-finance-money_t2]
[secureservercdn.net/198.71.233.129/l6q.139.myftpupload.com/wp-content/plugins/elementor-pro/assets/lib/smartmenus/jquery.smartmenus.minaf66.js]
[secureservercdn.net/198.71.233.129/l6q.139.myftpupload.com/wp-includes/js/imagesloaded.minb1f2.js]
[secureservercdn.net/198.71.233.129/l6q.139.myftpupload.com/wp-content/plugins/elementor/assets/lib/jquery-numerator/jquery-numerator.min9dec.js]
[secureservercdn.net/198.71.233.129/l6q.139.myftpupload.com/wp-content/plugins/elementor-pro/assets/js/webpack-pro.runtime.min6a80.js]
[secureservercdn.net/198.71.233.129/l6q.139.myftpupload.com/wp-content/plugins/elementor/assets/js/webpack.runtime.mina28e.js]
[secureservercdn.net/198.71.233.129/l6q.139.myftpupload.com/wp-content/plugins/elementor/assets/js/frontend-modules.mina28e.js]
[secureservercdn.net/198.71.233.129/l6q.139.myftpupload.com/wp-content/plugins/elementor-pro/assets/lib/sticky/jquery.sticky.min6a80.js]
[secureservercdn.net/198.71.233.129/l6q.139.myftpupload.com/wp-content/plugins/elementor-pro/assets/js/frontend.min6a80.js]
[secureservercdn.net/198.71.233.129/l6q.139.myftpupload.com/wp-includes/js/jquery/ui/core.mincd5a.js]
[secureservercdn.net/198.71.233.129/l6q.139.myftpupload.com/wp-content/plugins/elementor/assets/lib/dialog/dialog.min3bd4.js]
[secureservercdn.net/198.71.233.129/l6q.139.myftpupload.com/wp-content/plugins/elementor/assets/lib/waypoints/waypoints.minc85d.js]
[secureservercdn.net/198.71.233.129/l6q.139.myftpupload.com/wp-content/plugins/elementor/assets/lib/share-link/share-link.mina28e.js]
[secureservercdn.net/198.71.233.129/l6q.139.myftpupload.com/wp-content/plugins/elementor/assets/lib/swiper/swiper.min5443.js]
[secureservercdn.net/198.71.233.129/l6q.139.myftpupload.com/wp-content/plugins/elementor/assets/js/frontend.mina28e.js]
[secureservercdn.net/198.71.233.129/l6q.139.myftpupload.com/wp-content/plugins/elementor-pro/assets/js/preloaded-elements-handlers.min6a80.js]
[secureservercdn.net/198.71.233.129/l6q.139.myftpupload.com/wp-content/plugins/elementor/assets/js/preloaded-elements-handlers.mina28e.js]
[img1.wsimg.com/tcc/tcc_l.combined.1.0.6.min.js]
[mycryptoadvisor.com/index.html]
[secureservercdn.net/198.71.233.129/l6q.139.myftpupload.com/wp-content/cache/autoptimize/css/autoptimize_6429a6f7f8a9dd9aeebd3795ee42c8fc.css]
[secureservercdn.net/198.71.233.129/l6q.139.myftpupload.com/wp-includes/css/dist/block-library/style.min66dc.css]
[secureservercdn.net/198.71.233.129/l6q.139.myftpupload.com/wp-content/plugins/widget-for-eventbrite-api-premium/frontend/css/frontend8450.css]
[secureservercdn.net/198.71.233.129/l6q.139.myftpupload.com/wp-content/themes/hello-elementor/theme.min8226.css]
[secureservercdn.net/198.71.233.129/l6q.139.myftpupload.com/wp-content/themes/hello-theme-child-master/styleabe3.css]
[secureservercdn.net/198.71.233.129/l6q.139.myftpupload.com/wp-content/themes/hello-elementor/style.min8226.css]
[secureservercdn.net/198.71.233.129/l6q.139.myftpupload.com/wp-content/plugins/elementor/assets/lib/eicons/css/elementor-icons.minaaf1.css]
[secureservercdn.net/198.71.233.129/l6q.139.myftpupload.com/wp-content/plugins/elementor/assets/lib/animations/animations.mina28e.css]
[secureservercdn.net/198.71.233.129/l6q.139.myftpupload.com/wp-content/plugins/elementor/assets/css/frontend-legacy.mina28e.css]
[secureservercdn.net/198.71.233.129/l6q.139.myftpupload.com/wp-content/plugins/elementor/assets/css/frontend.mina28e.css]
[secureservercdn.net/198.71.233.129/l6q.139.myftpupload.com/wp-content/uploads/elementor/css/post-545dfe.css]
[secureservercdn.net/198.71.233.129/l6q.139.myftpupload.com/wp-content/plugins/elementor-pro/assets/css/frontend.min6a80.css]
[mycryptoadvisor.com/wp-content/uploads/2020/07/trading-computers-screens-with-charts-bitcoin-chain-stock-savings-decentralized-gold-invest-growth_t20_ywwgQa.jpg]
[mycryptoadvisor.com/wp-content/uploads/2020/07/finance-daytrader-using-laptop-computer-screens-and-mobile-phone-bitcoin-chain-stock-savings_t20_3wld2N.jpg]
[mycryptoadvisor.com/wp-content/uploads/2020/07/daytrader-in-dark-using-mobile-phone-and-screens-with-charts-blockchain-mining-bitcoin-chain-stock_t20_JYN6Wo.jpg]
[mycryptoadvisor.com/wp-content/uploads/2020/07/money-currency-digital-capitalism-asset-bitcoin-crypto-crypto-currency-crypto-wallet-crypto-coin_t20_AVjybP.jpg]
[mycryptoadvisor.com/wp-content/uploads/2020/07/bitcoin-and-currencies-nominated_t20_V7jElG.jpg]
[mycryptoadvisor.com/wp-content/uploads/2020/07/t20_KvxlKx.jpg]
[mycryptoadvisor.com/wp-content/uploads/2020/08/golden-bitcoin-cryptocurrency-HCNF986-Large.jpg]
[mycryptoadvisor.com/wp-content/uploads/2020/07/diverse-group-of-people-community-togetherness-tec-P2A62AF.jpg]
[mycryptoadvisor.com/wp-content/uploads/2020/07/meeting-of-marketing-managers-UQ7D6HY.jpg]
[secureservercdn.net/198.71.233.129/l6q.139.myftpupload.com/wp-content/uploads/elementor/css/post-335dfe.css]
[secureservercdn.net/198.71.233.129/l6q.139.myftpupload.com/wp-content/uploads/elementor/css/post-585dfe.css]
[secureservercdn.net/198.71.233.129/l6q.139.myftpupload.com/wp-content/uploads/elementor/css/post-715dfe.css]
[secureservercdn.net/198.71.233.129/l6q.139.myftpupload.com/wp-content/plugins/elementor/assets/lib/font-awesome/css/fontawesome.min4d1c.css]
[secureservercdn.net/198.71.233.129/l6q.139.myftpupload.com/wp-content/plugins/elementor/assets/lib/font-awesome/css/brands.min4d1c.css]
[secureservercdn.net/198.71.233.129/l6q.139.myftpupload.com/wp-content/plugins/elementor/assets/lib/font-awesome/css/regular.min4d1c.css]
[secureservercdn.net/198.71.233.129/l6q.139.myftpupload.com/wp-content/plugins/elementor/assets/lib/font-awesome/css/solid.min4d1c.css]
[secureservercdn.net/198.71.233.129/l6q.139.myftpupload.com/wp-content/uploads/elementor/css/post-126b31f.css]
[mycryptoadvisor.com/wp-json/wp/v2/pages/126.json]
[mycryptoadvisor.com/wp-json/oembed/1.0/embed8a83.json]
[mycryptoadvisor.com/index4ab3.html]
[mycryptoadvisor.com/wp-json/oembed/1.0/embedeebe]
[secureservercdn.net/198.71.233.129/l6q.139.myftpupload.com/wp-content/uploads/2020/08/crypto-currency-mining-equipement-PH4473X-scaled-e1598066499612f83e.jpg]
[secureservercdn.net/198.71.233.129/l6q.139.myftpupload.com/wp-content/uploads/2020/08/various-digital-cryptocurrency-PE5KEJC-scaled-e1598066542110f83e.jpg]
[secureservercdn.net/198.71.233.129/l6q.139.myftpupload.com/wp-content/uploads/2020/08/pngwave-2f83e.png]
[mycryptoadvisor.com/about-us/index.html]
[secureservercdn.net/198.71.233.129/l6q.139.myftpupload.com/wp-content/uploads/elementor/css/post-129355b.css]
[mycryptoadvisor.com/wp-json/wp/v2/pages/129.json]
[mycryptoadvisor.com/wp-json/oembed/1.0/embedf16a.json]
[mycryptoadvisor.com/index1c00.html]
[mycryptoadvisor.com/wp-json/oembed/1.0/embed1207]
[secureservercdn.net/198.71.233.129/l6q.139.myftpupload.com/wp-content/uploads/2020/07/t20_KvxlKxf83e.jpg]
[secureservercdn.net/198.71.233.129/l6q.139.myftpupload.com/wp-content/uploads/2020/07/money-currency-digital-capitalism-asset-bitcoin-crypto-crypto-currency-crypto-wallet-crypto-coi]
[secureservercdn.net/198.71.233.129/l6q.139.myftpupload.com/wp-content/uploads/2020/08/lnx-lns-live_470xf83e.png]
[secureservercdn.net/198.71.233.129/l6q.139.myftpupload.com/wp-content/uploads/2020/08/bitcoin-ethereum-litecoin-coins-on-black-backgroun-2UM7NEQ-Largef83e.jpg]
[secureservercdn.net/198.71.233.129/l6q.139.myftpupload.com/wp-content/uploads/2020/08/server-room_t20_9l0dP6-1f83e.jpg]
[mycryptoadvisor.com/services/index.html]
[secureservercdn.net/198.71.233.129/l6q.139.myftpupload.com/wp-content/uploads/2020/08/businessman-holding-a-compass-on-searching-screen-in-laptop-background_t20_xR9Bj9.54f83e.delaye]
[secureservercdn.net/198.71.233.129/l6q.139.myftpupload.com/wp-content/uploads/2020/08/bitcoin-smartphone-background-currency-online-business-crypto-exchange-payment-finance-money_t2-2]
[secureservercdn.net/198.71.233.129/l6q.139.myftpupload.com/wp-content/uploads/2020/08/payment-btc-bitcoin-block-chain-wallet-crypto-cryptocurrency-bit-coin-coins-earnings-golden_t20]
[secureservercdn.net/198.71.233.129/l6q.139.myftpupload.com/wp-content/uploads/2020/07/finance-daytrader-using-laptop-computer-screens-and-mobile-phone-bitcoin-chain-stock-savings_t2]
[secureservercdn.net/198.71.233.129/l6q.139.myftpupload.com/wp-content/uploads/elementor/css/post-133916d.css]
[secureservercdn.net/198.71.233.129/l6q.139.myftpupload.com/wp-content/uploads/2020/07/daytrader-in-dark-using-mobile-phone-and-screens-with-charts-blockchain-mining-bitcoin-chain-st]
[secureservercdn.net/198.71.233.129/l6q.139.myftpupload.com/wp-content/uploads/2020/08/concept-of-bitcoin-shopping-payment-or-purchase-for-christmas-or-new-year-holidays-virtual-mone-2]
[secureservercdn.net/198.71.233.129/l6q.139.myftpupload.com/wp-content/uploads/2020/08/business-connection-chain-social-network-team-group-teamwork-people-community-communication-int]
[mycryptoadvisor.com/wp-json/wp/v2/pages/133.json]
[mycryptoadvisor.com/index9c49.html]
[mycryptoadvisor.com/wp-json/oembed/1.0/embed0d35.json]
[mycryptoadvisor.com/wp-json/oembed/1.0/embed7651]
[www.eventbrite.com/static/widgets/eb_widgetse23c.js]
[mycryptoadvisor.com/events/index.html]
[secureservercdn.net/198.71.233.129/l6q.139.myftpupload.com/wp-content/uploads/elementor/css/post-105ad35.css]
[mycryptoadvisor.com/wp-json/wp/v2/pages/105.json]
[mycryptoadvisor.com/indexea0f.html]
[mycryptoadvisor.com/wp-json/oembed/1.0/embedc1f1.json]
[mycryptoadvisor.com/wp-json/oembed/1.0/embed9b18]
[mycryptoadvisor.com/faqs/index.html]
[secureservercdn.net/198.71.233.129/l6q.139.myftpupload.com/wp-content/uploads/elementor/css/post-4458bb1.css]
[secureservercdn.net/198.71.233.129/l6q.139.myftpupload.com/wp-content/uploads/2020/08/1-2f83e.png]
[mycryptoadvisor.com/blog/index.html]
[secureservercdn.net/198.71.233.129/l6q.139.myftpupload.com/wp-content/uploads/elementor/css/post-86b7ba.css]
[mycryptoadvisor.com/wp-json/wp/v2/pages/86.json]
[mycryptoadvisor.com/wp-json/oembed/1.0/embede060.json]
[mycryptoadvisor.com/index6213.html]
[mycryptoadvisor.com/wp-json/oembed/1.0/embeda1ba]
[mycryptoadvisor.com/contact/index.html]
[squareup.com/appointments/buyer/widget/fef6ca18-712b-4d04-88fc-0f2cddf8341c/TGR205Z3MX0AB.js]
[secureservercdn.net/198.71.233.129/l6q.139.myftpupload.com/wp-content/uploads/elementor/css/post-452891a.css]
[mycryptoadvisor.com/2020/10/01/september-2020/feed/index.html]
[mycryptoadvisor.com/wp-json/wp/v2/posts/664.json]
[mycryptoadvisor.com/wp-json/oembed/1.0/embed5721.json]
[mycryptoadvisor.com/index2fb6.html]
[mycryptoadvisor.com/wp-json/oembed/1.0/embed8e39]
[secureservercdn.net/198.71.233.129/l6q.139.myftpupload.com/wp-content/uploads/2020/10/1-4-724x1024.png]
[secureservercdn.net/198.71.233.129/l6q.139.myftpupload.com/wp-content/uploads/2020/10/2-1-724x1024.png]
[secureservercdn.net/198.71.233.129/l6q.139.myftpupload.com/wp-content/uploads/2020/10/3-1-724x1024.png]
[mycryptoadvisor.com/2020/10/01/september-2020/index.html]
[mycryptoadvisor.com/wp-json/wp/v2/posts/611.json]
[mycryptoadvisor.com/2020/08/29/august-2020/feed/index.html]
[mycryptoadvisor.com/wp-json/oembed/1.0/embed8ef2.json]
[mycryptoadvisor.com/indexb702.html]
[mycryptoadvisor.com/wp-json/oembed/1.0/embed15ac]
[secureservercdn.net/198.71.233.129/l6q.139.myftpupload.com/wp-content/uploads/2020/08/1-724x1024.png]
[secureservercdn.net/198.71.233.129/l6q.139.myftpupload.com/wp-content/uploads/2020/08/2-724x1024.png]
[secureservercdn.net/198.71.233.129/l6q.139.myftpupload.com/wp-content/uploads/2020/08/3-724x1024.png]
[mycryptoadvisor.com/2020/08/29/august-2020/index.html]
[mycryptoadvisor.com/wp-json/wp/v2/posts/573.json]
[mycryptoadvisor.com/2020/08/13/demystifying-cryptocurrency/feed/index.html]
[mycryptoadvisor.com/wp-json/oembed/1.0/embedacd5.json]
[mycryptoadvisor.com/wp-json/oembed/1.0/embed3078]
[mycryptoadvisor.com/2020/08/13/demystifying-cryptocurrency/index.html]
[img1.wsimg.com/tcc/tcc_l.combined.1.0.6.min.js]
[mycryptoadvisor.com/indexa1e2.html]
[mycryptoadvisor.com/wp-content/uploads/2020/07/gold-bitcoin-electronic-computer-processor-board-PDYNQ82-1-scaled.jpg]
[mycryptoadvisor.com/wp-content/uploads/2020/08/close-up-portrait-of-a-businesswoman-PG8FQJZ-Large.jpg]
[secureservercdn.net/198.71.233.129/l6q.139.myftpupload.com/wp-content/uploads/elementor/css/post-126b31f.css]
[mycryptoadvisor.com/index4ab3.html]
[mycryptoadvisor.com/wp-content/uploads/2020/08/bitcoin-ethereum-litecoin-coins-on-black-backgroun-2UM7NEQ-Large.jpg]
[secureservercdn.net/198.71.233.129/l6q.139.myftpupload.com/wp-content/uploads/elementor/css/post-129355b.css]
[mycryptoadvisor.com/index1c00.html]
[secureservercdn.net/198.71.233.129/l6q.139.myftpupload.com/wp-content/uploads/elementor/css/post-133916d.css]
[mycryptoadvisor.com/index9c49.html]
[mycryptoadvisor.com/wp-content/uploads/2020/07/pngwave.png]
[secureservercdn.net/198.71.233.129/l6q.139.myftpupload.com/wp-content/uploads/elementor/css/post-105ad35.css]
[mycryptoadvisor.com/indexea0f.html]
[secureservercdn.net/198.71.233.129/l6q.139.myftpupload.com/wp-content/uploads/elementor/css/post-4458bb1.css]
[secureservercdn.net/198.71.233.129/l6q.139.myftpupload.com/wp-content/uploads/elementor/css/post-86b7ba.css]
[mycryptoadvisor.com/index6213.html]
[secureservercdn.net/198.71.233.129/l6q.139.myftpupload.com/wp-content/uploads/elementor/css/post-452891a.css]
[mycryptoadvisor.com/index2fb6.html]
[mycryptoadvisor.com/indexb702.html]
[mycryptoadvisor.com/indexa1e2.html]
